  S_s1                         milp   feasible  ЦФ=     23.0 t_best=  18.62 с  всего=  60.14 с
  S_s1                         milp_cbc feasible  ЦФ=     24.0 t_best=   8.79 с  всего=  60.08 с
  S_s1                         cpsat  optimal   ЦФ=     21.0 t_best=   0.12 с  всего=   0.38 с
  S_s1                         h1     heuristic ЦФ=     23.0 t_best=   0.00 с  всего=   0.00 с
  S_s1                         h1h2   heuristic ЦФ=     21.0 t_best=   0.81 с  всего=  15.92 с
  S_s1                         ga     heuristic ЦФ=     25.0 t_best=   1.39 с  всего=   3.77 с
  S_s2                         milp   optimal   ЦФ=     22.0 t_best=  21.99 с  всего=  27.40 с
  S_s2                         milp_cbc feasible  ЦФ=     23.0 t_best=   6.94 с  всего=  60.01 с
  S_s2                         cpsat  optimal   ЦФ=     22.0 t_best=   0.03 с  всего=   0.05 с
  S_s2                         h1     heuristic ЦФ=     25.0 t_best=   0.00 с  всего=   0.00 с
  S_s2                         h1h2   heuristic ЦФ=     23.0 t_best=   2.46 с  всего=   9.45 с
  S_s2                         ga     heuristic ЦФ=     23.0 t_best=   0.30 с  всего=   1.67 с
  S_s3                         milp   optimal   ЦФ=     17.0 t_best=   1.21 с  всего=   5.45 с
  S_s3                         milp_cbc optimal   ЦФ=     17.0 t_best=   5.34 с  всего=   8.85 с
  S_s3                         cpsat  optimal   ЦФ=     17.0 t_best=   0.01 с  всего=   0.04 с
  S_s3                         h1     heuristic ЦФ=     20.0 t_best=   0.00 с  всего=   0.00 с
  S_s3                         h1h2   heuristic ЦФ=     17.0 t_best=   0.18 с  всего=   8.93 с
  S_s3                         ga     heuristic ЦФ=     18.0 t_best=   2.45 с  всего=   4.78 с
  M_s1                         milp   feasible  ЦФ=     65.0 t_best=  31.51 с  всего=  60.41 с
  M_s1                         milp_cbc unknown   ЦФ=      nan t_best=   0.00 с  всего=  60.06 с
  M_s1                         cpsat  optimal   ЦФ=     40.0 t_best=   3.26 с  всего=   3.49 с
  M_s1                         h1     heuristic ЦФ=     83.0 t_best=   0.01 с  всего=   0.01 с
  M_s1                         h1h2   heuristic ЦФ=     47.0 t_best=  40.37 с  всего=  60.00 с
  M_s1                         ga     heuristic ЦФ=     66.0 t_best=  11.85 с  всего=  15.01 с
  M_s2                         milp   feasible  ЦФ=     33.0 t_best=  14.47 с  всего=  60.39 с
  M_s2                         milp_cbc feasible  ЦФ=     44.0 t_best=  53.85 с  всего=  60.09 с
  M_s2                         cpsat  optimal   ЦФ=     32.0 t_best=   0.45 с  всего=   0.46 с
  M_s2                         h1     heuristic ЦФ=     49.0 t_best=   0.01 с  всего=   0.01 с
  M_s2                         h1h2   heuristic ЦФ=     34.0 t_best=  13.73 с  всего=  60.00 с
  M_s2                         ga     heuristic ЦФ=     41.0 t_best=   2.92 с  всего=   6.13 с
  M_s3                         milp   feasible  ЦФ=     52.0 t_best=  20.02 с  всего=  60.43 с
  M_s3                         milp_cbc feasible  ЦФ=     71.0 t_best=  40.36 с  всего=  59.89 с
  M_s3                         cpsat  optimal   ЦФ=     39.0 t_best=   1.84 с  всего=   1.85 с
  M_s3                         h1     heuristic ЦФ=     51.0 t_best=   0.01 с  всего=   0.01 с
  M_s3                         h1h2   heuristic ЦФ=     41.0 t_best=  54.75 с  всего=  60.00 с
  M_s3                         ga     heuristic ЦФ=     52.0 t_best=   4.17 с  всего=   5.83 с
  L_s1                         milp   unknown   ЦФ=      nan t_best=   0.00 с  всего=  61.91 с
  L_s1                         milp_cbc unknown   ЦФ=      nan t_best=   0.00 с  всего= 105.55 с
  L_s1                         cpsat  feasible  ЦФ=    128.0 t_best=  58.96 с  всего=  60.17 с
  L_s1                         h1     heuristic ЦФ=    260.0 t_best=   0.05 с  всего=   0.05 с
  L_s1                         h1h2   heuristic ЦФ=    170.0 t_best=  58.83 с  всего=  60.00 с
  L_s1                         ga     heuristic ЦФ=    316.0 t_best=  21.79 с  всего=  25.35 с
  L_s2                         milp   unknown   ЦФ=      nan t_best=   0.00 с  всего=  63.40 с
  L_s2                         milp_cbc unknown   ЦФ=      nan t_best=   0.00 с  всего=  66.32 с
  L_s2                         cpsat  feasible  ЦФ=    123.0 t_best=  38.42 с  всего=  60.11 с
  L_s2                         h1     heuristic ЦФ=    170.0 t_best=   0.03 с  всего=   0.03 с
  L_s2                         h1h2   heuristic ЦФ=    133.0 t_best=  56.42 с  всего=  60.00 с
  L_s2                         ga     heuristic ЦФ=    278.0 t_best=  14.18 с  всего=  17.13 с
  L_s3                         milp   feasible  ЦФ=   1575.0 t_best=   7.37 с  всего=  63.09 с
  L_s3                         milp_cbc unknown   ЦФ=      nan t_best=   0.00 с  всего=  58.83 с
  L_s3                         cpsat  feasible  ЦФ=    105.0 t_best=  57.60 с  всего=  60.14 с
  L_s3                         h1     heuristic ЦФ=    185.0 t_best=   0.05 с  всего=   0.05 с
  L_s3                         h1h2   heuristic ЦФ=    142.0 t_best=  56.79 с  всего=  60.00 с
  L_s3                         ga     heuristic ЦФ=    262.0 t_best=  14.33 с  всего=  17.94 с
  M_tol=0.05_s1                cpsat  optimal   ЦФ=     83.0 t_best=   0.26 с  всего=   0.28 с
  M_tol=0.05_s1                h1     heuristic ЦФ=    227.0 t_best=   0.00 с  всего=   0.00 с
  M_tol=0.05_s1                h1h2   heuristic ЦФ=     95.0 t_best=   3.79 с  всего=  11.12 с
  M_tol=0.05_s1                ga     heuristic ЦФ=    113.0 t_best=   2.12 с  всего=   4.38 с
  M_tol=0.05_s2                cpsat  optimal   ЦФ=     35.0 t_best=   0.06 с  всего=   0.10 с
  M_tol=0.05_s2                h1     heuristic ЦФ=     59.0 t_best=   0.00 с  всего=   0.00 с
  M_tol=0.05_s2                h1h2   heuristic ЦФ=     42.0 t_best=   3.76 с  всего=  15.51 с
  M_tol=0.05_s2                ga     heuristic ЦФ=     39.0 t_best=   1.48 с  всего=   3.93 с
  M_tol=0.1_s1                 cpsat  optimal   ЦФ=     40.0 t_best=   0.59 с  всего=   0.60 с
  M_tol=0.1_s1                 h1     heuristic ЦФ=     72.0 t_best=   0.01 с  всего=   0.01 с
  M_tol=0.1_s1                 h1h2   heuristic ЦФ=     42.0 t_best=  12.23 с  всего=  20.00 с
  M_tol=0.1_s1                 ga     heuristic ЦФ=     57.0 t_best=   4.07 с  всего=   6.95 с
  M_tol=0.1_s2                 cpsat  optimal   ЦФ=     33.0 t_best=   0.29 с  всего=   0.31 с
  M_tol=0.1_s2                 h1     heuristic ЦФ=     42.0 t_best=   0.00 с  всего=   0.00 с
  M_tol=0.1_s2                 h1h2   heuristic ЦФ=     38.0 t_best=   7.57 с  всего=  20.00 с
  M_tol=0.1_s2                 ga     heuristic ЦФ=     42.0 t_best=   4.67 с  всего=   7.59 с
  M_tol=0.15_s1                cpsat  optimal   ЦФ=     40.0 t_best=   5.89 с  всего=   8.66 с
  M_tol=0.15_s1                h1     heuristic ЦФ=     83.0 t_best=   0.01 с  всего=   0.01 с
  M_tol=0.15_s1                h1h2   heuristic ЦФ=     50.0 t_best=  12.30 с  всего=  20.00 с
  M_tol=0.15_s1                ga     heuristic ЦФ=     66.0 t_best=  11.70 с  всего=  14.22 с
  M_tol=0.15_s2                cpsat  optimal   ЦФ=     32.0 t_best=   0.52 с  всего=   0.53 с
  M_tol=0.15_s2                h1     heuristic ЦФ=     49.0 t_best=   0.00 с  всего=   0.00 с
  M_tol=0.15_s2                h1h2   heuristic ЦФ=     34.0 t_best=  10.29 с  всего=  20.00 с
  M_tol=0.15_s2                ga     heuristic ЦФ=     41.0 t_best=   1.55 с  всего=   2.94 с
  M_tol=0.2_s1                 cpsat  feasible  ЦФ=     40.0 t_best=   4.09 с  всего=  20.05 с
  M_tol=0.2_s1                 h1     heuristic ЦФ=     63.0 t_best=   0.01 с  всего=   0.01 с
  M_tol=0.2_s1                 h1h2   heuristic ЦФ=     40.0 t_best=  11.30 с  всего=  20.00 с
  M_tol=0.2_s1                 ga     heuristic ЦФ=     70.0 t_best=   1.84 с  всего=   3.28 с
  M_tol=0.2_s2                 cpsat  optimal   ЦФ=     32.0 t_best=   0.80 с  всего=   0.82 с
  M_tol=0.2_s2                 h1     heuristic ЦФ=     48.0 t_best=   0.00 с  всего=   0.00 с
  M_tol=0.2_s2                 h1h2   heuristic ЦФ=     34.0 t_best=  10.98 с  всего=  20.00 с
  M_tol=0.2_s2                 ga     heuristic ЦФ=     41.0 t_best=   2.73 с  всего=   4.19 с
  M_tol=0.3_s1                 cpsat  feasible  ЦФ=     40.0 t_best=   8.91 с  всего=  20.05 с
  M_tol=0.3_s1                 h1     heuristic ЦФ=    152.0 t_best=   0.01 с  всего=   0.01 с
  M_tol=0.3_s1                 h1h2   heuristic ЦФ=     54.0 t_best=   4.50 с  всего=  20.00 с
  M_tol=0.3_s1                 ga     heuristic ЦФ=    104.0 t_best=   5.21 с  всего=   7.59 с
  M_tol=0.3_s2                 cpsat  optimal   ЦФ=     32.0 t_best=   2.18 с  всего=   2.65 с
  M_tol=0.3_s2                 h1     heuristic ЦФ=     56.0 t_best=   0.02 с  всего=   0.02 с
  M_tol=0.3_s2                 h1h2   heuristic ЦФ=     33.0 t_best=  12.78 с  всего=  20.00 с
  M_tol=0.3_s2                 ga     heuristic ЦФ=     52.0 t_best=   3.14 с  всего=   4.60 с
  M_sync=0_s1                  cpsat  feasible  ЦФ=     42.0 t_best=   9.33 с  всего=  20.11 с
  M_sync=0_s1                  h1     heuristic ЦФ=     68.0 t_best=   0.02 с  всего=   0.02 с
  M_sync=0_s1                  h1h2   heuristic ЦФ=     52.0 t_best=  12.74 с  всего=  20.00 с
  M_sync=0_s1                  ga     heuristic ЦФ=     67.0 t_best=   1.95 с  всего=   4.21 с
  M_sync=0_s2                  cpsat  optimal   ЦФ=     34.0 t_best=   1.87 с  всего=  16.95 с
  M_sync=0_s2                  h1     heuristic ЦФ=     55.0 t_best=   0.01 с  всего=   0.01 с
  M_sync=0_s2                  h1h2   heuristic ЦФ=     38.0 t_best=  17.16 с  всего=  20.00 с
  M_sync=0_s2                  ga     heuristic ЦФ=     67.0 t_best=   2.96 с  всего=   5.31 с
  M_sync=0.25_s1               cpsat  optimal   ЦФ=     40.0 t_best=   6.11 с  всего=  14.65 с
  M_sync=0.25_s1               h1     heuristic ЦФ=     92.0 t_best=   0.00 с  всего=   0.00 с
  M_sync=0.25_s1               h1h2   heuristic ЦФ=     47.0 t_best=  11.83 с  всего=  20.00 с
  M_sync=0.25_s1               ga     heuristic ЦФ=     71.0 t_best=   2.35 с  всего=   3.81 с
  M_sync=0.25_s2               cpsat  optimal   ЦФ=     36.0 t_best=   0.38 с  всего=   0.40 с
  M_sync=0.25_s2               h1     heuristic ЦФ=     51.0 t_best=   0.00 с  всего=   0.00 с
  M_sync=0.25_s2               h1h2   heuristic ЦФ=     40.0 t_best=  12.42 с  всего=  20.00 с
  M_sync=0.25_s2               ga     heuristic ЦФ=     51.0 t_best=   3.84 с  всего=   5.25 с
  M_sync=0.5_s1                cpsat  optimal   ЦФ=     40.0 t_best=   1.59 с  всего=   5.31 с
  M_sync=0.5_s1                h1     heuristic ЦФ=     83.0 t_best=   0.00 с  всего=   0.00 с
  M_sync=0.5_s1                h1h2   heuristic ЦФ=     48.0 t_best=  15.59 с  всего=  20.00 с
  M_sync=0.5_s1                ga     heuristic ЦФ=     66.0 t_best=   6.37 с  всего=   7.81 с
  M_sync=0.5_s2                cpsat  optimal   ЦФ=     32.0 t_best=   0.48 с  всего=   0.51 с
  M_sync=0.5_s2                h1     heuristic ЦФ=     49.0 t_best=   0.00 с  всего=   0.00 с
  M_sync=0.5_s2                h1h2   heuristic ЦФ=     34.0 t_best=   7.84 с  всего=  20.00 с
  M_sync=0.5_s2                ga     heuristic ЦФ=     41.0 t_best=   1.57 с  всего=   3.13 с
  M_sync=0.75_s1               cpsat  optimal   ЦФ=     40.0 t_best=   3.44 с  всего=   4.39 с
  M_sync=0.75_s1               h1     heuristic ЦФ=     59.0 t_best=   0.00 с  всего=   0.00 с
  M_sync=0.75_s1               h1h2   heuristic ЦФ=     49.0 t_best=  18.09 с  всего=  20.00 с
  M_sync=0.75_s1               ga     heuristic ЦФ=     73.0 t_best=   1.78 с  всего=   3.13 с
  M_sync=0.75_s2               cpsat  optimal   ЦФ=     54.0 t_best=   0.26 с  всего=   0.29 с
  M_sync=0.75_s2               h1     heuristic ЦФ=     99.0 t_best=   0.01 с  всего=   0.01 с
  M_sync=0.75_s2               h1h2   heuristic ЦФ=     54.0 t_best=  17.01 с  всего=  20.00 с
  M_sync=0.75_s2               ga     heuristic ЦФ=     81.0 t_best=   1.30 с  всего=   2.67 с
  M_sync=1_s1                  cpsat  optimal   ЦФ=     53.0 t_best=   1.28 с  всего=   1.51 с
  M_sync=1_s1                  h1     heuristic ЦФ=   1119.0 t_best=   0.00 с  всего=   0.00 с
  M_sync=1_s1                  h1h2   heuristic ЦФ=     55.0 t_best=  15.74 с  всего=  20.00 с
  M_sync=1_s1                  ga     heuristic ЦФ=    106.0 t_best=   1.84 с  всего=   3.22 с
  M_sync=1_s2                  cpsat  optimal   ЦФ=     54.0 t_best=   0.36 с  всего=   0.38 с
  M_sync=1_s2                  h1     heuristic ЦФ=     99.0 t_best=   0.00 с  всего=   0.00 с
  M_sync=1_s2                  h1h2   heuristic ЦФ=     54.0 t_best=  17.17 с  всего=  20.00 с
  M_sync=1_s2                  ga     heuristic ЦФ=     81.0 t_best=   1.35 с  всего=   2.72 с
  M_capacity=1_s1              cpsat  feasible  ЦФ=     76.0 t_best=   5.26 с  всего=  20.06 с
  M_capacity=1_s1              h1     heuristic ЦФ=   4158.0 t_best=   0.01 с  всего=   0.01 с
  M_capacity=1_s1              h1h2   heuristic ЦФ=     76.0 t_best=  13.05 с  всего=  20.00 с
  M_capacity=1_s1              ga     heuristic ЦФ=   2151.0 t_best=   6.50 с  всего=   8.93 с
  M_capacity=1_s2              cpsat  infeasible ЦФ=      nan t_best=   0.00 с  всего=   0.02 с
  M_capacity=1_s2              h1     heuristic ЦФ=   7067.0 t_best=   0.01 с  всего=   0.01 с
  M_capacity=1_s2              h1h2   heuristic ЦФ=   4068.0 t_best=  16.99 с  всего=  20.00 с
  M_capacity=1_s2              ga     heuristic ЦФ=   4127.0 t_best=   4.29 с  всего=   6.89 с
  M_capacity=2_s1              cpsat  optimal   ЦФ=     40.0 t_best=   4.58 с  всего=   4.61 с
  M_capacity=2_s1              h1     heuristic ЦФ=     83.0 t_best=   0.00 с  всего=   0.00 с
  M_capacity=2_s1              h1h2   heuristic ЦФ=     45.0 t_best=   7.14 с  всего=  20.00 с
  M_capacity=2_s1              ga     heuristic ЦФ=     80.0 t_best=   1.77 с  всего=   4.45 с
  M_capacity=2_s2              cpsat  optimal   ЦФ=     32.0 t_best=   0.70 с  всего=   0.72 с
  M_capacity=2_s2              h1     heuristic ЦФ=     62.0 t_best=   0.01 с  всего=   0.01 с
  M_capacity=2_s2              h1h2   heuristic ЦФ=     33.0 t_best=  19.27 с  всего=  20.00 с
  M_capacity=2_s2              ga     heuristic ЦФ=     54.0 t_best=   2.32 с  всего=   5.50 с
  M_capacity=3_s1              cpsat  optimal   ЦФ=     40.0 t_best=   6.06 с  всего=   6.09 с
  M_capacity=3_s1              h1     heuristic ЦФ=     83.0 t_best=   0.01 с  всего=   0.01 с
  M_capacity=3_s1              h1h2   heuristic ЦФ=     50.0 t_best=  10.93 с  всего=  20.00 с
  M_capacity=3_s1              ga     heuristic ЦФ=     66.0 t_best=  11.14 с  всего=  13.77 с
  M_capacity=3_s2              cpsat  optimal   ЦФ=     32.0 t_best=   0.39 с  всего=   0.41 с
  M_capacity=3_s2              h1     heuristic ЦФ=     49.0 t_best=   0.00 с  всего=   0.00 с
  M_capacity=3_s2              h1h2   heuristic ЦФ=     34.0 t_best=  13.46 с  всего=  20.00 с
  M_capacity=3_s2              ga     heuristic ЦФ=     41.0 t_best=   3.50 с  всего=   6.29 с
  M_capacity=4_s1              cpsat  optimal   ЦФ=     40.0 t_best=   5.75 с  всего=   5.78 с
  M_capacity=4_s1              h1     heuristic ЦФ=     83.0 t_best=   0.01 с  всего=   0.01 с
  M_capacity=4_s1              h1h2   heuristic ЦФ=     47.0 t_best=  17.39 с  всего=  20.00 с
  M_capacity=4_s1              ga     heuristic ЦФ=     67.0 t_best=   5.80 с  всего=   8.49 с
  M_capacity=4_s2              cpsat  optimal   ЦФ=     32.0 t_best=   0.26 с  всего=   0.28 с
  M_capacity=4_s2              h1     heuristic ЦФ=     49.0 t_best=   0.01 с  всего=   0.01 с
  M_capacity=4_s2              h1h2   heuristic ЦФ=     35.0 t_best=   9.42 с  всего=  20.00 с
  M_capacity=4_s2              ga     heuristic ЦФ=     35.0 t_best=   3.63 с  всего=   6.38 с
